ASxxxx Linker V03.00/V05.40 + sdld,  page 1.
Hexadecimal  [32-Bits]

Area                                    Addr        Size        Decimal Bytes (Attributes)
--------------------------------        ----        ----        ------- ----- ------------
.  .ABS.                            00000000    00000000 =           0. bytes (ABS,CON)

      Value  Global                              Global Defined In Module
      -----  --------------------------------   ------------------------
     00000000  .__.ABS.                           _startup
     00000000  l_CABS                          
     00000000  l_DABS                          
     00000000  l_DATA                          
     00000000  l__CODE                         
     00000000  s_CABS                          
     00000000  s_DABS                          
     00000000  s__CODE                         
     00000001  l_SSEG                          
     00000001  s_DATA                          
     00000001  s_INITIALIZED                   
     00000003  l_GSFINAL                       
     00000007  l_HOME                          
     0000000C  l_CONST                         
     0000001F  l_INITIALIZED                   
     0000001F  l_INITIALIZER                   
     00000020  s_SSEG                          
     00000023  l_GSINIT                        
     00000AF2  l_CODE                          
     00008000  s_HOME                          
     00008007  s_GSINIT                        
     0000802A  s_GSFINAL                       
     0000802D  s_CONST                         
     00008039  s_INITIALIZER                   
     00008058  s_CODE                          

ASxxxx Linker V03.00/V05.40 + sdld,  page 2.
Hexadecimal  [32-Bits]

Area                                    Addr        Size        Decimal Bytes (Attributes)
--------------------------------        ----        ----        ------- ----- ------------
INITIALIZED                         00000001    0000001F =          31. bytes (REL,CON)

      Value  Global                              Global Defined In Module
      -----  --------------------------------   ------------------------
ASxxxx Linker V03.00/V05.40 + sdld,  page 3.
Hexadecimal  [32-Bits]

Area                                    Addr        Size        Decimal Bytes (Attributes)
--------------------------------        ----        ----        ------- ----- ------------
SSEG                                00000020    00000001 =           1. bytes (REL,CON)

      Value  Global                              Global Defined In Module
      -----  --------------------------------   ------------------------
ASxxxx Linker V03.00/V05.40 + sdld,  page 4.
Hexadecimal  [32-Bits]

Area                                    Addr        Size        Decimal Bytes (Attributes)
--------------------------------        ----        ----        ------- ----- ------------
HOME                                00008000    00000007 =           7. bytes (REL,CON)

      Value  Global                              Global Defined In Module
      -----  --------------------------------   ------------------------
ASxxxx Linker V03.00/V05.40 + sdld,  page 5.
Hexadecimal  [32-Bits]

Area                                    Addr        Size        Decimal Bytes (Attributes)
--------------------------------        ----        ----        ------- ----- ------------
GSINIT                              00008007    00000023 =          35. bytes (REL,CON)

      Value  Global                              Global Defined In Module
      -----  --------------------------------   ------------------------
ASxxxx Linker V03.00/V05.40 + sdld,  page 6.
Hexadecimal  [32-Bits]

Area                                    Addr        Size        Decimal Bytes (Attributes)
--------------------------------        ----        ----        ------- ----- ------------
GSFINAL                             0000802A    00000003 =           3. bytes (REL,CON)

      Value  Global                              Global Defined In Module
      -----  --------------------------------   ------------------------
ASxxxx Linker V03.00/V05.40 + sdld,  page 7.
Hexadecimal  [32-Bits]

Area                                    Addr        Size        Decimal Bytes (Attributes)
--------------------------------        ----        ----        ------- ----- ------------
CONST                               0000802D    0000000C =          12. bytes (REL,CON)

      Value  Global                              Global Defined In Module
      -----  --------------------------------   ------------------------
     0000802D  _HSIDivExp                         stm8s_clk
     00008031  _CLKPrescTable                     stm8s_clk

ASxxxx Linker V03.00/V05.40 + sdld,  page 8.
Hexadecimal  [32-Bits]

Area                                    Addr        Size        Decimal Bytes (Attributes)
--------------------------------        ----        ----        ------- ----- ------------
INITIALIZER                         00008039    0000001F =          31. bytes (REL,CON)

      Value  Global                              Global Defined In Module
      -----  --------------------------------   ------------------------
ASxxxx Linker V03.00/V05.40 + sdld,  page 9.
Hexadecimal  [32-Bits]

Area                                    Addr        Size        Decimal Bytes (Attributes)
--------------------------------        ----        ----        ------- ----- ------------
CODE                                00008058    00000AF2 =        2802. bytes (REL,CON)

      Value  Global                              Global Defined In Module
      -----  --------------------------------   ------------------------
     000083D6  _main                              main
     0000854F  _GPIO_DeInit                       stm8s_gpio
     0000855C  _GPIO_Init                         stm8s_gpio
     000085D7  _GPIO_Write                        stm8s_gpio
     000085D9  _GPIO_WriteHigh                    stm8s_gpio
     000085E2  _GPIO_WriteLow                     stm8s_gpio
     000085EE  _GPIO_WriteReverse                 stm8s_gpio
     000085F7  _GPIO_ReadOutputData               stm8s_gpio
     000085F9  _GPIO_ReadInputData                stm8s_gpio
     000085FC  _GPIO_ReadInputPin                 stm8s_gpio
     00008609  _GPIO_ExternalPullUpConfig         stm8s_gpio
     00008623  _TIM4_DeInit                       stm8s_tim4
     0000863C  _TIM4_TimeBaseInit                 stm8s_tim4
     00008648  _TIM4_Cmd                          stm8s_tim4
     00008660  _TIM4_ITConfig                     stm8s_tim4
     0000867E  _TIM4_UpdateDisableConfig          stm8s_tim4
     00008696  _TIM4_UpdateRequestConfig          stm8s_tim4
     000086AE  _TIM4_SelectOnePulseMode           stm8s_tim4
     000086C6  _TIM4_PrescalerConfig              stm8s_tim4
     000086D1  _TIM4_ARRPreloadConfig             stm8s_tim4
     000086E9  _TIM4_GenerateEvent                stm8s_tim4
     000086ED  _TIM4_SetCounter                   stm8s_tim4
     000086F1  _TIM4_SetAutoreload                stm8s_tim4
     000086F5  _TIM4_GetCounter                   stm8s_tim4
     000086F9  _TIM4_GetPrescaler                 stm8s_tim4
     000086FD  _TIM4_GetFlagStatus                stm8s_tim4
     0000870D  _TIM4_ClearFlag                    stm8s_tim4
     00008712  _TIM4_GetITStatus                  stm8s_tim4
     00008733  _TIM4_ClearITPendingBit            stm8s_tim4
     00008738  _CLK_DeInit                        stm8s_clk
     0000876E  _CLK_FastHaltWakeUpCmd             stm8s_clk
     00008786  _CLK_HSECmd                        stm8s_clk
     0000879E  _CLK_HSICmd                        stm8s_clk
     000087B6  _CLK_LSICmd                        stm8s_clk
     000087CE  _CLK_CCOCmd                        stm8s_clk
     000087E6  _CLK_ClockSwitchCmd                stm8s_clk
     000087FE  _CLK_SlowActiveHaltWakeUpCmd       stm8s_clk
     00008816  _CLK_PeripheralClockConfig         stm8s_clk
     00008860  _CLK_ClockSwitchConfig             stm8s_clk
     0000890C  _CLK_HSIPrescalerConfig            stm8s_clk
     00008921  _CLK_CCOConfig                     stm8s_clk
     0000893A  _CLK_ITConfig                      stm8s_clk
     0000898B  _CLK_SYSCLKConfig                  stm8s_clk
     000089BB  _CLK_SWIMConfig                    stm8s_clk
     000089D3  _CLK_ClockSecuritySystemEnable     stm8s_clk
     000089D8  _CLK_GetSYSCLKSource               stm8s_clk
     000089DC  _CLK_GetClockFreq                  stm8s_clk
     00008A25  _CLK_AdjustHSICalibrationValue     stm8s_clk
     00008A34  _CLK_SYSCLKEmergencyClear          stm8s_clk
     00008A39  _CLK_GetFlagStatus                 stm8s_clk
ASxxxx Linker V03.00/V05.40 + sdld,  page 10.
Hexadecimal  [32-Bits]

Area                                    Addr        Size        Decimal Bytes (Attributes)
--------------------------------        ----        ----        ------- ----- ------------
CODE                                00008058    00000AF2 =        2802. bytes (REL,CON)

      Value  Global                              Global Defined In Module
      -----  --------------------------------   ------------------------
     00008A83  _CLK_GetITStatus                   stm8s_clk
     00008AA8  _CLK_ClearITPendingBit             stm8s_clk
     00008AB6  _WWDG_Init                         stm8s_wwdg
     00008ACB  _WWDG_SetCounter                   stm8s_wwdg
     00008AD1  _WWDG_GetCounter                   stm8s_wwdg
     00008AD5  _WWDG_SWReset                      stm8s_wwdg
     00008ADA  _WWDG_SetWindowValue               stm8s_wwdg
     00008AE2  __modulong                         _modulong
     00008B48  ___sdcc_external_startup           _startup

ASxxxx Linker V03.00/V05.40 + sdld,  page 11.

Files Linked                              [ module(s) ]

obj/main.rel                              [ main ]
obj/stm8s_gpio.rel                        [ stm8s_gpio ]
obj/stm8s_tim4.rel                        [ stm8s_tim4 ]
obj/stm8s_clk.rel                         [ stm8s_clk ]
obj/stm8s_wwdg.rel                        [ stm8s_wwdg ]


Libraries Linked                          [ object file ]

C:\Program Files\SDCC\bin\..\lib\stm8/stm8.lib
                                          [ _modulong.rel ]
C:\Program Files\SDCC\bin\..\lib\stm8/stm8.lib
                                          [ _startup.rel ]

ASxxxx Linker V03.00/V05.40 + sdld,  page 12.

User Base Address Definitions

HOME = 0x8000
DATA = 0x0001

