ASxxxx Linker V03.00/V05.40 + sdld,  page 1.
Hexadecimal  [32-Bits]

Area                                    Addr        Size        Decimal Bytes (Attributes)
--------------------------------        ----        ----        ------- ----- ------------
.  .ABS.                            00000000    00000000 =           0. bytes (ABS,CON)

      Value  Global                              Global Defined In Module
      -----  --------------------------------   ------------------------
     00000000  .__.ABS.                           _startup
     00000000  l_CABS                          
     00000000  l_DABS                          
     00000000  l_DATA                          
     00000000  l__CODE                         
     00000000  s_CABS                          
     00000000  s_DABS                          
     00000000  s__CODE                         
     00000001  l_SSEG                          
     00000001  s_DATA                          
     00000001  s_INITIALIZED                   
     00000003  l_GSFINAL                       
     00000007  l_HOME                          
     0000000C  l_CONST                         
     0000001F  l_INITIALIZED                   
     0000001F  l_INITIALIZER                   
     00000020  s_SSEG                          
     00000023  l_GSINIT                        
     00000AE6  l_CODE                          
     00008000  s_HOME                          
     00008007  s_GSINIT                        
     0000802A  s_GSFINAL                       
     0000802D  s_CONST                         
     00008039  s_INITIALIZER                   
     00008058  s_CODE                          

ASxxxx Linker V03.00/V05.40 + sdld,  page 2.
Hexadecimal  [32-Bits]

Area                                    Addr        Size        Decimal Bytes (Attributes)
--------------------------------        ----        ----        ------- ----- ------------
INITIALIZED                         00000001    0000001F =          31. bytes (REL,CON)

      Value  Global                              Global Defined In Module
      -----  --------------------------------   ------------------------
ASxxxx Linker V03.00/V05.40 + sdld,  page 3.
Hexadecimal  [32-Bits]

Area                                    Addr        Size        Decimal Bytes (Attributes)
--------------------------------        ----        ----        ------- ----- ------------
SSEG                                00000020    00000001 =           1. bytes (REL,CON)

      Value  Global                              Global Defined In Module
      -----  --------------------------------   ------------------------
ASxxxx Linker V03.00/V05.40 + sdld,  page 4.
Hexadecimal  [32-Bits]

Area                                    Addr        Size        Decimal Bytes (Attributes)
--------------------------------        ----        ----        ------- ----- ------------
HOME                                00008000    00000007 =           7. bytes (REL,CON)

      Value  Global                              Global Defined In Module
      -----  --------------------------------   ------------------------
ASxxxx Linker V03.00/V05.40 + sdld,  page 5.
Hexadecimal  [32-Bits]

Area                                    Addr        Size        Decimal Bytes (Attributes)
--------------------------------        ----        ----        ------- ----- ------------
GSINIT                              00008007    00000023 =          35. bytes (REL,CON)

      Value  Global                              Global Defined In Module
      -----  --------------------------------   ------------------------
ASxxxx Linker V03.00/V05.40 + sdld,  page 6.
Hexadecimal  [32-Bits]

Area                                    Addr        Size        Decimal Bytes (Attributes)
--------------------------------        ----        ----        ------- ----- ------------
GSFINAL                             0000802A    00000003 =           3. bytes (REL,CON)

      Value  Global                              Global Defined In Module
      -----  --------------------------------   ------------------------
ASxxxx Linker V03.00/V05.40 + sdld,  page 7.
Hexadecimal  [32-Bits]

Area                                    Addr        Size        Decimal Bytes (Attributes)
--------------------------------        ----        ----        ------- ----- ------------
CONST                               0000802D    0000000C =          12. bytes (REL,CON)

      Value  Global                              Global Defined In Module
      -----  --------------------------------   ------------------------
     0000802D  _HSIDivExp                         stm8s_clk
     00008031  _CLKPrescTable                     stm8s_clk

ASxxxx Linker V03.00/V05.40 + sdld,  page 8.
Hexadecimal  [32-Bits]

Area                                    Addr        Size        Decimal Bytes (Attributes)
--------------------------------        ----        ----        ------- ----- ------------
INITIALIZER                         00008039    0000001F =          31. bytes (REL,CON)

      Value  Global                              Global Defined In Module
      -----  --------------------------------   ------------------------
ASxxxx Linker V03.00/V05.40 + sdld,  page 9.
Hexadecimal  [32-Bits]

Area                                    Addr        Size        Decimal Bytes (Attributes)
--------------------------------        ----        ----        ------- ----- ------------
CODE                                00008058    00000AE6 =        2790. bytes (REL,CON)

      Value  Global                              Global Defined In Module
      -----  --------------------------------   ------------------------
     000083CA  _main                              main
     00008543  _GPIO_DeInit                       stm8s_gpio
     00008550  _GPIO_Init                         stm8s_gpio
     000085CB  _GPIO_Write                        stm8s_gpio
     000085CD  _GPIO_WriteHigh                    stm8s_gpio
     000085D6  _GPIO_WriteLow                     stm8s_gpio
     000085E2  _GPIO_WriteReverse                 stm8s_gpio
     000085EB  _GPIO_ReadOutputData               stm8s_gpio
     000085ED  _GPIO_ReadInputData                stm8s_gpio
     000085F0  _GPIO_ReadInputPin                 stm8s_gpio
     000085FD  _GPIO_ExternalPullUpConfig         stm8s_gpio
     00008617  _TIM4_DeInit                       stm8s_tim4
     00008630  _TIM4_TimeBaseInit                 stm8s_tim4
     0000863C  _TIM4_Cmd                          stm8s_tim4
     00008654  _TIM4_ITConfig                     stm8s_tim4
     00008672  _TIM4_UpdateDisableConfig          stm8s_tim4
     0000868A  _TIM4_UpdateRequestConfig          stm8s_tim4
     000086A2  _TIM4_SelectOnePulseMode           stm8s_tim4
     000086BA  _TIM4_PrescalerConfig              stm8s_tim4
     000086C5  _TIM4_ARRPreloadConfig             stm8s_tim4
     000086DD  _TIM4_GenerateEvent                stm8s_tim4
     000086E1  _TIM4_SetCounter                   stm8s_tim4
     000086E5  _TIM4_SetAutoreload                stm8s_tim4
     000086E9  _TIM4_GetCounter                   stm8s_tim4
     000086ED  _TIM4_GetPrescaler                 stm8s_tim4
     000086F1  _TIM4_GetFlagStatus                stm8s_tim4
     00008701  _TIM4_ClearFlag                    stm8s_tim4
     00008706  _TIM4_GetITStatus                  stm8s_tim4
     00008727  _TIM4_ClearITPendingBit            stm8s_tim4
     0000872C  _CLK_DeInit                        stm8s_clk
     00008762  _CLK_FastHaltWakeUpCmd             stm8s_clk
     0000877A  _CLK_HSECmd                        stm8s_clk
     00008792  _CLK_HSICmd                        stm8s_clk
     000087AA  _CLK_LSICmd                        stm8s_clk
     000087C2  _CLK_CCOCmd                        stm8s_clk
     000087DA  _CLK_ClockSwitchCmd                stm8s_clk
     000087F2  _CLK_SlowActiveHaltWakeUpCmd       stm8s_clk
     0000880A  _CLK_PeripheralClockConfig         stm8s_clk
     00008854  _CLK_ClockSwitchConfig             stm8s_clk
     00008900  _CLK_HSIPrescalerConfig            stm8s_clk
     00008915  _CLK_CCOConfig                     stm8s_clk
     0000892E  _CLK_ITConfig                      stm8s_clk
     0000897F  _CLK_SYSCLKConfig                  stm8s_clk
     000089AF  _CLK_SWIMConfig                    stm8s_clk
     000089C7  _CLK_ClockSecuritySystemEnable     stm8s_clk
     000089CC  _CLK_GetSYSCLKSource               stm8s_clk
     000089D0  _CLK_GetClockFreq                  stm8s_clk
     00008A19  _CLK_AdjustHSICalibrationValue     stm8s_clk
     00008A28  _CLK_SYSCLKEmergencyClear          stm8s_clk
     00008A2D  _CLK_GetFlagStatus                 stm8s_clk
ASxxxx Linker V03.00/V05.40 + sdld,  page 10.
Hexadecimal  [32-Bits]

Area                                    Addr        Size        Decimal Bytes (Attributes)
--------------------------------        ----        ----        ------- ----- ------------
CODE                                00008058    00000AE6 =        2790. bytes (REL,CON)

      Value  Global                              Global Defined In Module
      -----  --------------------------------   ------------------------
     00008A77  _CLK_GetITStatus                   stm8s_clk
     00008A9C  _CLK_ClearITPendingBit             stm8s_clk
     00008AAA  _WWDG_Init                         stm8s_wwdg
     00008ABF  _WWDG_SetCounter                   stm8s_wwdg
     00008AC5  _WWDG_GetCounter                   stm8s_wwdg
     00008AC9  _WWDG_SWReset                      stm8s_wwdg
     00008ACE  _WWDG_SetWindowValue               stm8s_wwdg
     00008AD6  __modulong                         _modulong
     00008B3C  ___sdcc_external_startup           _startup

ASxxxx Linker V03.00/V05.40 + sdld,  page 11.

Files Linked                              [ module(s) ]

obj/main.rel                              [ main ]
obj/stm8s_gpio.rel                        [ stm8s_gpio ]
obj/stm8s_tim4.rel                        [ stm8s_tim4 ]
obj/stm8s_clk.rel                         [ stm8s_clk ]
obj/stm8s_wwdg.rel                        [ stm8s_wwdg ]


Libraries Linked                          [ object file ]

C:\Program Files\SDCC\bin\..\lib\stm8/stm8.lib
                                          [ _modulong.rel ]
C:\Program Files\SDCC\bin\..\lib\stm8/stm8.lib
                                          [ _startup.rel ]

ASxxxx Linker V03.00/V05.40 + sdld,  page 12.

User Base Address Definitions

HOME = 0x8000
DATA = 0x0001

